---
source: pretty_yaml/tests/fmt.rs
---
[
  : [
    longlonglonglonglonglonglonglonglonglonglong,
    longlonglonglonglonglonglonglonglonglonglong,
    longlonglonglonglonglonglonglonglonglonglong,
  ],
  : [
    longlonglonglonglonglonglonglonglonglonglong,
    longlonglonglonglonglonglonglonglonglonglong,
    longlonglonglonglonglonglonglonglonglonglong,
  ],
  : [
    longlonglonglonglonglonglonglonglonglonglong,
    longlonglonglonglonglonglonglonglonglonglong,
    longlonglonglonglonglonglonglonglonglonglong,
  ],
]
