---
source: pretty_yaml/tests/fmt.rs
---
[aaaaaaaaaaaaaaaaaaaaaaaaaaaaaa]: aaaaaaaaaaaaaaaaaaaaaaaaaaaaaaaaaaaaaaaa

[
  aaaaaaaaaaaaaaaaaaaaaaaaaaaaaaaaaaaaaaaa,
]: aaaaaaaaaaaaaaaaaaaaaaaaaaaaaaaaaaaaaaaa

[
  aaaaaaaaaaaaaaaaaaaaaaaaaaaaaaaaaaaaaaaaaaaaaaaaaaaaaaaaaaaaaaaaaaaaaaaaaaaaaaaa,
]: aaaaaaaaaaaaaaaaaaaaaaaaaaaaaaaaaaaaaaaa
