---
source: pretty_yaml/tests/fmt.rs
---
{
  a: [
    longlonglonglonglonglonglonglonglonglonglong,
    longlonglonglonglonglonglonglonglonglonglong,
    longlonglonglonglonglonglonglonglonglonglong,
  ],
  b: [
    longlonglonglonglonglonglonglonglonglonglong,
    longlonglonglonglonglonglonglonglonglonglong,
    longlonglonglonglonglonglonglonglonglonglong,
  ],
  c: [
    longlonglonglonglonglonglonglonglonglonglong,
    longlonglonglonglonglonglonglonglonglonglong,
    longlonglonglonglonglonglonglonglonglonglong,
  ],
}
