---
source: pretty_yaml/tests/fmt.rs
---
{
  longlonglonglonglonglonglonglonglonglonglonglonglonglonglonglong1: longlonglonglonglonglonglonglonglonglonglonglonglonglonglonglong,
  longlonglonglonglonglonglonglonglonglonglonglonglonglonglonglong2: longlonglonglonglonglonglonglonglonglonglonglonglonglonglonglong,
  longlonglonglonglonglonglonglonglonglonglonglonglonglonglonglong3: longlonglonglonglonglonglonglonglonglonglonglonglonglonglonglong,
}
