---
source: yaml_parser/tests/pass.rs
---
ROOT@0..148
  DOCUMENT@0..147
    BLOCK@0..147
      BLOCK_MAP@0..147
        BLOCK_MAP_ENTRY@0..89
          BLOCK_MAP_KEY@0..4
            FLOW@0..4
              PLAIN_SCALAR@0..4 "safe"
          COLON@4..5 ":"
          WHITESPACE@5..6 " "
          BLOCK_MAP_VALUE@6..89
            BLOCK@6..89
              FLOW@6..89
                PLAIN_SCALAR@6..89 "a!\"#$%&'()*+,-./09:;< ..."
        WHITESPACE@89..90 "\n"
        BLOCK_MAP_ENTRY@90..114
          BLOCK_MAP_KEY@90..108
            FLOW@90..108
              PLAIN_SCALAR@90..108 "safe question mark"
          COLON@108..109 ":"
          WHITESPACE@109..110 " "
          BLOCK_MAP_VALUE@110..114
            BLOCK@110..114
              FLOW@110..114
                PLAIN_SCALAR@110..114 "?foo"
        WHITESPACE@114..115 "\n"
        BLOCK_MAP_ENTRY@115..131
          BLOCK_MAP_KEY@115..125
            FLOW@115..125
              PLAIN_SCALAR@115..125 "safe colon"
          COLON@125..126 ":"
          WHITESPACE@126..127 " "
          BLOCK_MAP_VALUE@127..131
            BLOCK@127..131
              FLOW@127..131
                PLAIN_SCALAR@127..131 ":foo"
        WHITESPACE@131..132 "\n"
        BLOCK_MAP_ENTRY@132..147
          BLOCK_MAP_KEY@132..141
            FLOW@132..141
              PLAIN_SCALAR@132..141 "safe dash"
          COLON@141..142 ":"
          WHITESPACE@142..143 " "
          BLOCK_MAP_VALUE@143..147
            BLOCK@143..147
              FLOW@143..147
                PLAIN_SCALAR@143..147 "-foo"
  WHITESPACE@147..148 "\n"
