---
source: yaml_parser/tests/pass.rs
---
ROOT@0..16
  DOCUMENT@0..15
    BLOCK@0..15
      BLOCK_MAP@0..15
        BLOCK_MAP_ENTRY@0..7
          BLOCK_MAP_KEY@0..4
            FLOW@0..4
              PROPERTIES@0..2
                ANCHOR_PROPERTY@0..2
                  AMPERSAND@0..1 "&"
                  ANCHOR_NAME@1..2 "a"
              WHITESPACE@2..3 " "
              PLAIN_SCALAR@3..4 "a"
          COLON@4..5 ":"
          WHITESPACE@5..6 " "
          BLOCK_MAP_VALUE@6..7
            FLOW@6..7
              PLAIN_SCALAR@6..7 "b"
        WHITESPACE@7..8 "\n"
        BLOCK_MAP_ENTRY@8..15
          BLOCK_MAP_KEY@8..9
            FLOW@8..9
              PLAIN_SCALAR@8..9 "c"
          COLON@9..10 ":"
          WHITESPACE@10..11 " "
          BLOCK_MAP_VALUE@11..15
            FLOW@11..15
              PROPERTIES@11..13
                ANCHOR_PROPERTY@11..13
                  AMPERSAND@11..12 "&"
                  ANCHOR_NAME@12..13 "d"
              WHITESPACE@13..14 " "
              PLAIN_SCALAR@14..15 "d"
  WHITESPACE@15..16 "\n"
