---
source: yaml_parser/tests/pass.rs
---
ROOT@0..24
  DOCUMENT@0..23
    DIRECTIVES_END@0..3 "---"
    WHITESPACE@3..4 "\n"
    BLOCK@4..23
      BLOCK_MAP@4..23
        BLOCK_MAP_ENTRY@4..23
          BLOCK_MAP_KEY@4..7
            FLOW@4..7
              PLAIN_SCALAR@4..7 "key"
          COLON@7..8 ":"
          WHITESPACE@8..9 " "
          BLOCK_MAP_VALUE@9..23
            FLOW@9..23
              PROPERTIES@9..17
                ANCHOR_PROPERTY@9..17
                  AMPERSAND@9..10 "&"
                  ANCHOR_NAME@10..17 "an:chor"
              WHITESPACE@17..18 " "
              PLAIN_SCALAR@18..23 "value"
  WHITESPACE@23..24 "\n"
