---
source: yaml_parser/tests/pass.rs
---
ROOT@0..52
  DOCUMENT@0..51
    BLOCK@0..51
      BLOCK_MAP@0..51
        BLOCK_MAP_ENTRY@0..6
          BLOCK_MAP_KEY@0..3
            FLOW@0..3
              PLAIN_SCALAR@0..3 "foo"
          COLON@3..4 ":"
          WHITESPACE@4..5 " "
          BLOCK_MAP_VALUE@5..6
            FLOW@5..6
              PLAIN_SCALAR@5..6 "1"
        WHITESPACE@6..8 "\n\n"
        BLOCK_MAP_ENTRY@8..14
          BLOCK_MAP_KEY@8..11
            FLOW@8..11
              PLAIN_SCALAR@8..11 "bar"
          COLON@11..12 ":"
          WHITESPACE@12..13 " "
          BLOCK_MAP_VALUE@13..14
            FLOW@13..14
              PLAIN_SCALAR@13..14 "2"
        WHITESPACE@14..20 "\n    \n"
        BLOCK_MAP_ENTRY@20..51
          BLOCK_MAP_KEY@20..24
            FLOW@20..24
              PLAIN_SCALAR@20..24 "text"
          COLON@24..25 ":"
          WHITESPACE@25..26 " "
          BLOCK_MAP_VALUE@26..51
            BLOCK@26..51
              BLOCK_SCALAR@26..51
                BAR@26..27 "|"
                BLOCK_SCALAR_TEXT@27..51 "\n  a\n    \n  b\n\n  c\n \n  d"
  WHITESPACE@51..52 "\n"
