---
source: yaml_parser/tests/pass.rs
---
ROOT@0..70
  DOCUMENT@0..14
    BLOCK@0..14
      BLOCK_MAP@0..14
        BLOCK_MAP_ENTRY@0..6
          BLOCK_MAP_KEY@0..3
            FLOW@0..3
              PLAIN_SCALAR@0..3 "foo"
          COLON@3..4 ":"
          WHITESPACE@4..5 " "
          BLOCK_MAP_VALUE@5..6
            BLOCK@5..6
              FLOW@5..6
                PLAIN_SCALAR@5..6 "1"
        WHITESPACE@6..8 "\n\n"
        BLOCK_MAP_ENTRY@8..14
          BLOCK_MAP_KEY@8..11
            FLOW@8..11
              PLAIN_SCALAR@8..11 "bar"
          COLON@11..12 ":"
          WHITESPACE@12..13 " "
          BLOCK_MAP_VALUE@13..14
            BLOCK@13..14
              FLOW@13..14
                PLAIN_SCALAR@13..14 "2"
  WHITESPACE@14..15 "\n"
  DOCUMENT@15..27
    BLOCK@15..27
      FLOW@15..27
        PLAIN_SCALAR@15..27 "␣␣␣␣"
  WHITESPACE@27..28 "\n"
  DOCUMENT@28..39
    BLOCK@28..39
      BLOCK_MAP@28..39
        BLOCK_MAP_ENTRY@28..39
          BLOCK_MAP_KEY@28..32
            FLOW@28..32
              PLAIN_SCALAR@28..32 "text"
          COLON@32..33 ":"
          WHITESPACE@33..34 " "
          BLOCK_MAP_VALUE@34..39
            BLOCK@34..39
              BLOCK_SCALAR@34..39
                BAR@34..35 "|"
                BLOCK_SCALAR_TEXT@35..39 "\n  a"
  WHITESPACE@39..40 "\n"
  DOCUMENT@40..61
    BLOCK@40..61
      FLOW@40..61
        PLAIN_SCALAR@40..61 "␣␣␣␣\n  b\n\n  c"
  WHITESPACE@61..62 "\n"
  DOCUMENT@62..69
    BLOCK@62..69
      FLOW@62..69
        PLAIN_SCALAR@62..69 "␣\n  d"
  WHITESPACE@69..70 "\n"
