---
source: yaml_parser/tests/pass.rs
---
ROOT@0..20
  DOCUMENT@0..19
    DIRECTIVES_END@0..3 "---"
    WHITESPACE@3..4 " "
    BLOCK@4..10
      BLOCK_SCALAR@4..10
        BAR@4..5 "|"
        CHOMPING_INDICATOR@5..6
          PLUS@5..6 "+"
        BLOCK_SCALAR_TEXT@6..10 "\n ab"
    WHITESPACE@10..16 "\n \n  \n"
    DOCUMENT_END@16..19 "..."
  WHITESPACE@19..20 "\n"
