---
source: yaml_parser/tests/pass.rs
---
ROOT@0..19
  DOCUMENT@0..6
    BLOCK@0..6
      BLOCK_SCALAR@0..6
        BAR@0..1 "|"
        CHOMPING_INDICATOR@1..2
          MINUS@1..2 "-"
        BLOCK_SCALAR_TEXT@2..6 "\n ab"
  WHITESPACE@6..7 "\n"
  DOCUMENT@7..10
    FLOW@7..10
      PLAIN_SCALAR@7..10 "␣"
  WHITESPACE@10..11 "\n"
  DOCUMENT@11..14
    FLOW@11..14
      PLAIN_SCALAR@11..14 "␣"
  WHITESPACE@14..15 "\n"
  DOCUMENT_END@15..18 "..."
  WHITESPACE@18..19 "\n"
