---
source: yaml_parser/tests/pass.rs
---
ROOT@0..23
  DOCUMENT@0..22
    BLOCK@0..22
      BLOCK_MAP@0..22
        BLOCK_MAP_ENTRY@0..22
          BLOCK_MAP_KEY@0..3
            FLOW@0..3
              PLAIN_SCALAR@0..3 "key"
          COLON@3..4 ":"
          WHITESPACE@4..6 "\n "
          BLOCK_MAP_VALUE@6..22
            BLOCK@6..22
              BLOCK_SEQ@6..22
                BLOCK_SEQ_ENTRY@6..13
                  MINUS@6..7 "-"
                  WHITESPACE@7..8 " "
                  FLOW@8..13
                    PLAIN_SCALAR@8..13 "item1"
                WHITESPACE@13..15 "\n "
                BLOCK_SEQ_ENTRY@15..22
                  MINUS@15..16 "-"
                  WHITESPACE@16..17 " "
                  FLOW@17..22
                    PLAIN_SCALAR@17..22 "item2"
  WHITESPACE@22..23 "\n"
