---
source: yaml_parser/tests/pass.rs
---
ROOT@0..8
  DOCUMENT@0..7
    BLOCK@0..7
      BLOCK_MAP@0..7
        BLOCK_MAP_ENTRY@0..3
          COLON@0..1 ":"
          WHITESPACE@1..2 " "
          BLOCK_MAP_VALUE@2..3
            FLOW@2..3
              PLAIN_SCALAR@2..3 "a"
        WHITESPACE@3..4 "\n"
        BLOCK_MAP_ENTRY@4..7
          COLON@4..5 ":"
          WHITESPACE@5..6 " "
          BLOCK_MAP_VALUE@6..7
            FLOW@6..7
              PLAIN_SCALAR@6..7 "b"
  WHITESPACE@7..8 "\n"
