---
source: yaml_parser/tests/pass.rs
---
ROOT@0..31
  DOCUMENT@0..30
    BLOCK@0..30
      BLOCK_MAP@0..30
        BLOCK_MAP_ENTRY@0..21
          BLOCK_MAP_KEY@0..10
            QUESTION_MARK@0..1 "?"
            WHITESPACE@1..2 " "
            BLOCK@2..10
              FLOW@2..10
                PLAIN_SCALAR@2..10 "a\n  true"
          WHITESPACE@10..11 "\n"
          COLON@11..12 ":"
          WHITESPACE@12..13 " "
          BLOCK_MAP_VALUE@13..21
            BLOCK@13..21
              FLOW@13..21
                PLAIN_SCALAR@13..21 "null\n  d"
        WHITESPACE@21..22 "\n"
        BLOCK_MAP_ENTRY@22..30
          BLOCK_MAP_KEY@22..30
            QUESTION_MARK@22..23 "?"
            WHITESPACE@23..24 " "
            BLOCK@24..30
              FLOW@24..30
                PLAIN_SCALAR@24..30 "e\n  42"
  WHITESPACE@30..31 "\n"
