---
source: yaml_parser/tests/pass.rs
---
ROOT@0..21
  DOCUMENT@0..20
    DIRECTIVES_END@0..3 "---"
    WHITESPACE@3..4 "\n"
    FLOW@4..20
      FLOW_MAP@4..20
        L_BRACE@4..5 "{"
        WHITESPACE@5..6 " "
        FLOW_MAP_ENTRIES@6..19
          FLOW_MAP_ENTRY@6..18
            FLOW_MAP_KEY@6..11
              FLOW@6..11
                DOUBLE_QUOTED_SCALAR@6..11 "\"foo\""
            WHITESPACE@11..14 "\n  "
            COLON@14..15 ":"
            FLOW_MAP_VALUE@15..18
              FLOW@15..18
                PLAIN_SCALAR@15..18 "bar"
          WHITESPACE@18..19 " "
        R_BRACE@19..20 "}"
  WHITESPACE@20..21 "\n"
