---
source: yaml_parser/tests/pass.rs
---
ROOT@0..636
  DOCUMENT@0..635
    BLOCK@0..635
      BLOCK_MAP@0..635
        BLOCK_MAP_ENTRY@0..282
          BLOCK_MAP_KEY@0..9
            FLOW@0..9
              PLAIN_SCALAR@0..9 "canonical"
          COLON@9..10 ":"
          WHITESPACE@10..11 " "
          BLOCK_MAP_VALUE@11..282
            BLOCK@11..282
              FLOW@11..282
                PROPERTIES@11..19
                  TAG_PROPERTY@11..19
                    SHORTHAND_TAG@11..19
                      TAG_HANDLE@11..13
                        TAG_HANDLE_SECONDARY@11..13 "!!"
                      TAG_CHAR@13..19 "binary"
                WHITESPACE@19..20 " "
                DOUBLE_QUOTED_SCALAR@20..282 "\"\\\n R0lGODlhDAAMAIQAA ..."
        WHITESPACE@282..283 "\n"
        BLOCK_MAP_ENTRY@283..558
          BLOCK_MAP_KEY@283..290
            FLOW@283..290
              PLAIN_SCALAR@283..290 "generic"
          COLON@290..291 ":"
          WHITESPACE@291..292 " "
          BLOCK_MAP_VALUE@292..558
            BLOCK@292..558
              PROPERTIES@292..300
                TAG_PROPERTY@292..300
                  SHORTHAND_TAG@292..300
                    TAG_HANDLE@292..294
                      TAG_HANDLE_SECONDARY@292..294 "!!"
                    TAG_CHAR@294..300 "binary"
              WHITESPACE@300..301 " "
              BLOCK_SCALAR@301..558
                BAR@301..302 "|"
                BLOCK_SCALAR_TEXT@302..558 "\n R0lGODlhDAAMAIQAAP/ ..."
        WHITESPACE@558..559 "\n"
        BLOCK_MAP_ENTRY@559..635
          BLOCK_MAP_KEY@559..570
            FLOW@559..570
              PLAIN_SCALAR@559..570 "description"
          COLON@570..571 ":"
          WHITESPACE@571..573 "\n "
          BLOCK_MAP_VALUE@573..635
            BLOCK@573..635
              FLOW@573..635
                PLAIN_SCALAR@573..635 "The binary value abov ..."
  WHITESPACE@635..636 "\n"
