---
source: yaml_parser/tests/pass.rs
---
ROOT@0..18
  DOCUMENT@0..17
    DIRECTIVE@0..13
      PERCENT@0..1 "%"
      YAML_DIRECTIVE@1..13
        DIRECTIVE_NAME@1..5 "YAML"
        WHITESPACE@5..6 " "
        YAML_VERSION@6..13 "1.12345"
    WHITESPACE@13..14 "\n"
    DIRECTIVES_END@14..17 "---"
  WHITESPACE@17..18 "\n"
