---
source: yaml_parser/tests/pass.rs
---
ROOT@0..13
  DOCUMENT@0..8
    DIRECTIVES_END@0..3 "---"
    WHITESPACE@3..4 "\n"
    BLOCK@4..8
      BLOCK_MAP@4..8
        BLOCK_MAP_ENTRY@4..8
          BLOCK_MAP_KEY@4..5
            FLOW@4..5
              PLAIN_SCALAR@4..5 "a"
          COLON@5..6 ":"
          WHITESPACE@6..7 " "
          BLOCK_MAP_VALUE@7..8
            BLOCK@7..8
              FLOW@7..8
                PLAIN_SCALAR@7..8 "b"
  WHITESPACE@8..9 "\n"
  DOCUMENT@9..12
    DIRECTIVES_END@9..12 "---"
  WHITESPACE@12..13 "\n"
