---
source: yaml_parser/tests/pass.rs
---
ROOT@0..58
  DOCUMENT@0..57
    DIRECTIVES_END@0..3 "---"
    WHITESPACE@3..4 "\n"
    BLOCK@4..57
      BLOCK_MAP@4..57
        BLOCK_MAP_ENTRY@4..39
          BLOCK_MAP_KEY@4..20
            FLOW@4..20
              PLAIN_SCALAR@4..20 "nested sequences"
          COLON@20..21 ":"
          WHITESPACE@21..22 "\n"
          BLOCK_MAP_VALUE@22..39
            BLOCK@22..39
              BLOCK_SEQ@22..39
                BLOCK_SEQ_ENTRY@22..30
                  MINUS@22..23 "-"
                  WHITESPACE@23..24 " "
                  BLOCK@24..30
                    BLOCK_SEQ@24..30
                      BLOCK_SEQ_ENTRY@24..30
                        MINUS@24..25 "-"
                        WHITESPACE@25..26 " "
                        BLOCK@26..30
                          BLOCK_SEQ@26..30
                            BLOCK_SEQ_ENTRY@26..30
                              MINUS@26..27 "-"
                              WHITESPACE@27..28 " "
                              FLOW@28..30
                                FLOW_SEQ@28..30
                                  L_BRACKET@28..29 "["
                                  FLOW_SEQ_ENTRIES@29..29
                                  R_BRACKET@29..30 "]"
                WHITESPACE@30..31 "\n"
                BLOCK_SEQ_ENTRY@31..39
                  MINUS@31..32 "-"
                  WHITESPACE@32..33 " "
                  BLOCK@33..39
                    BLOCK_SEQ@33..39
                      BLOCK_SEQ_ENTRY@33..39
                        MINUS@33..34 "-"
                        WHITESPACE@34..35 " "
                        BLOCK@35..39
                          BLOCK_SEQ@35..39
                            BLOCK_SEQ_ENTRY@35..39
                              MINUS@35..36 "-"
                              WHITESPACE@36..37 " "
                              FLOW@37..39
                                FLOW_MAP@37..39
                                  L_BRACE@37..38 "{"
                                  FLOW_MAP_ENTRIES@38..38
                                  R_BRACE@38..39 "}"
        WHITESPACE@39..40 "\n"
        BLOCK_MAP_ENTRY@40..48
          BLOCK_MAP_KEY@40..44
            FLOW@40..44
              PLAIN_SCALAR@40..44 "key1"
          COLON@44..45 ":"
          WHITESPACE@45..46 " "
          BLOCK_MAP_VALUE@46..48
            FLOW@46..48
              FLOW_SEQ@46..48
                L_BRACKET@46..47 "["
                FLOW_SEQ_ENTRIES@47..47
                R_BRACKET@47..48 "]"
        WHITESPACE@48..49 "\n"
        BLOCK_MAP_ENTRY@49..57
          BLOCK_MAP_KEY@49..53
            FLOW@49..53
              PLAIN_SCALAR@49..53 "key2"
          COLON@53..54 ":"
          WHITESPACE@54..55 " "
          BLOCK_MAP_VALUE@55..57
            FLOW@55..57
              FLOW_MAP@55..57
                L_BRACE@55..56 "{"
                FLOW_MAP_ENTRIES@56..56
                R_BRACE@56..57 "}"
  WHITESPACE@57..58 "\n"
