---
source: yaml_parser/tests/pass.rs
---
ROOT@0..18
  DOCUMENT@0..17
    BLOCK@0..17
      BLOCK_MAP@0..17
        BLOCK_MAP_ENTRY@0..6
          BLOCK_MAP_KEY@0..3
            FLOW@0..3
              PLAIN_SCALAR@0..3 "one"
          COLON@3..4 ":"
          WHITESPACE@4..5 " "
          BLOCK_MAP_VALUE@5..6
            BLOCK@5..6
              FLOW@5..6
                PLAIN_SCALAR@5..6 "2"
        WHITESPACE@6..9 "\n\n\n"
        BLOCK_MAP_ENTRY@9..17
          BLOCK_MAP_KEY@9..14
            FLOW@9..14
              PLAIN_SCALAR@9..14 "three"
          COLON@14..15 ":"
          WHITESPACE@15..16 " "
          BLOCK_MAP_VALUE@16..17
            BLOCK@16..17
              FLOW@16..17
                PLAIN_SCALAR@16..17 "4"
  WHITESPACE@17..18 "\n"
