---
source: yaml_parser/tests/pass.rs
---
ROOT@0..16
  DOCUMENT@0..15
    FLOW@0..15
      FLOW_MAP@0..15
        L_BRACE@0..1 "{"
        FLOW_MAP_ENTRIES@1..14
          FLOW_MAP_ENTRY@1..14
            FLOW_MAP_KEY@1..6
              FLOW@1..6
                DOUBLE_QUOTED_SCALAR@1..6 "\"foo\""
            WHITESPACE@6..7 "\n"
            COLON@7..8 ":"
            WHITESPACE@8..9 " "
            FLOW_MAP_VALUE@9..14
              FLOW@9..14
                DOUBLE_QUOTED_SCALAR@9..14 "\"bar\""
        R_BRACE@14..15 "}"
  WHITESPACE@15..16 "\n"
