---
source: yaml_parser/tests/pass.rs
---
ROOT@0..35
  DOCUMENT@0..34
    DIRECTIVES_END@0..3 "---"
    WHITESPACE@3..4 "\n"
    BLOCK@4..34
      BLOCK_MAP@4..34
        BLOCK_MAP_ENTRY@4..34
          BLOCK_MAP_KEY@4..10
            FLOW@4..10
              PLAIN_SCALAR@4..10 "wanted"
          COLON@10..11 ":"
          WHITESPACE@11..12 " "
          BLOCK_MAP_VALUE@12..34
            BLOCK@12..34
              FLOW@12..34
                PLAIN_SCALAR@12..34 "love ♥ and peace ☮"
  WHITESPACE@34..35 "\n"
