---
source: yaml_parser/tests/pass.rs
---
ROOT@0..51
  DOCUMENT@0..50
    DIRECTIVES_END@0..3 "---"
    WHITESPACE@3..4 "\n"
    BLOCK@4..50
      BLOCK_SEQ@4..50
        BLOCK_SEQ_ENTRY@4..26
          MINUS@4..5 "-"
          WHITESPACE@5..6 " "
          FLOW@6..26
            FLOW_MAP@6..26
              L_BRACE@6..7 "{"
              WHITESPACE@7..8 " "
              FLOW_MAP_ENTRIES@8..25
                FLOW_MAP_ENTRY@8..19
                  FLOW_MAP_KEY@8..19
                    FLOW@8..19
                      PLAIN_SCALAR@8..19 "single line"
                COMMA@19..20 ","
                WHITESPACE@20..21 " "
                FLOW_MAP_ENTRY@21..25
                  FLOW_MAP_KEY@21..22
                    FLOW@21..22
                      PLAIN_SCALAR@21..22 "a"
                  COLON@22..23 ":"
                  WHITESPACE@23..24 " "
                  FLOW_MAP_VALUE@24..25
                    FLOW@24..25
                      PLAIN_SCALAR@24..25 "b"
              R_BRACE@25..26 "}"
        WHITESPACE@26..27 "\n"
        BLOCK_SEQ_ENTRY@27..50
          MINUS@27..28 "-"
          WHITESPACE@28..29 " "
          FLOW@29..50
            FLOW_MAP@29..50
              L_BRACE@29..30 "{"
              WHITESPACE@30..31 " "
              FLOW_MAP_ENTRIES@31..49
                FLOW_MAP_ENTRY@31..43
                  FLOW_MAP_KEY@31..43
                    FLOW@31..43
                      PLAIN_SCALAR@31..43 "multi\n  line"
                COMMA@43..44 ","
                WHITESPACE@44..45 " "
                FLOW_MAP_ENTRY@45..49
                  FLOW_MAP_KEY@45..46
                    FLOW@45..46
                      PLAIN_SCALAR@45..46 "a"
                  COLON@46..47 ":"
                  WHITESPACE@47..48 " "
                  FLOW_MAP_VALUE@48..49
                    FLOW@48..49
                      PLAIN_SCALAR@48..49 "b"
              R_BRACE@49..50 "}"
  WHITESPACE@50..51 "\n"
