---
source: yaml_parser/tests/pass.rs
---
ROOT@0..23
  DOCUMENT@0..5
    DIRECTIVES_END@0..3 "---"
    WHITESPACE@3..4 "\n"
    FLOW@4..5
      PLAIN_SCALAR@4..5 "a"
  WHITESPACE@5..6 "\n"
  DOCUMENT@6..17
    FLOW@6..17
      PLAIN_SCALAR@6..17 "b␣␣\n  c"
  WHITESPACE@17..18 "\n"
  DOCUMENT@18..19
    FLOW@18..19
      PLAIN_SCALAR@18..19 "d"
  WHITESPACE@19..21 "\n\n"
  DOCUMENT@21..22
    FLOW@21..22
      PLAIN_SCALAR@21..22 "e"
  WHITESPACE@22..23 "\n"
