---
source: yaml_parser/tests/pass.rs
---
ROOT@0..20
  DOCUMENT@0..19
    DIRECTIVES_END@0..3 "---"
    WHITESPACE@3..4 "\n"
    BLOCK@4..19
      BLOCK_MAP@4..19
        BLOCK_MAP_ENTRY@4..19
          BLOCK_MAP_KEY@4..9
            FLOW@4..9
              PLAIN_SCALAR@4..9 "plain"
          COLON@9..10 ":"
          WHITESPACE@10..11 " "
          BLOCK_MAP_VALUE@11..19
            FLOW@11..19
              PLAIN_SCALAR@11..19 "a\n b\n\n c"
  WHITESPACE@19..20 "\n"
