---
source: yaml_parser/tests/pass.rs
---
ROOT@0..31
  DOCUMENT@0..30
    BLOCK@0..30
      BLOCK_MAP@0..30
        BLOCK_MAP_ENTRY@0..30
          BLOCK_MAP_KEY@0..3
            FLOW@0..3
              PLAIN_SCALAR@0..3 "key"
          COLON@3..4 ":"
          WHITESPACE@4..7 "\n  "
          BLOCK_MAP_VALUE@7..30
            FLOW@7..30
              PLAIN_SCALAR@7..30 "value\n  with\n  \t\n  tabs"
  WHITESPACE@30..31 "\n"
