---
source: yaml_parser/tests/pass.rs
---
ROOT@0..186
  DOCUMENT@0..185
    DIRECTIVES_END@0..3 "---"
    WHITESPACE@3..4 "\n"
    BLOCK@4..185
      BLOCK_MAP@4..185
        BLOCK_MAP_ENTRY@4..32
          BLOCK_MAP_KEY@4..8
            FLOW@4..8
              PLAIN_SCALAR@4..8 "top1"
          COLON@8..9 ":"
          WHITESPACE@9..10 " "
          BLOCK_MAP_VALUE@10..32
            BLOCK@10..32
              PROPERTIES@10..16
                ANCHOR_PROPERTY@10..16
                  AMPERSAND@10..11 "&"
                  ANCHOR_NAME@11..16 "node1"
              WHITESPACE@16..19 "\n  "
              BLOCK_MAP@19..32
                BLOCK_MAP_ENTRY@19..32
                  BLOCK_MAP_KEY@19..27
                    FLOW@19..27
                      PROPERTIES@19..22
                        ANCHOR_PROPERTY@19..22
                          AMPERSAND@19..20 "&"
                          ANCHOR_NAME@20..22 "k1"
                      WHITESPACE@22..23 " "
                      PLAIN_SCALAR@23..27 "key1"
                  COLON@27..28 ":"
                  WHITESPACE@28..29 " "
                  BLOCK_MAP_VALUE@29..32
                    FLOW@29..32
                      PLAIN_SCALAR@29..32 "one"
        WHITESPACE@32..33 "\n"
        BLOCK_MAP_ENTRY@33..67
          BLOCK_MAP_KEY@33..37
            FLOW@33..37
              PLAIN_SCALAR@33..37 "top2"
          COLON@37..38 ":"
          WHITESPACE@38..39 " "
          BLOCK_MAP_VALUE@39..67
            BLOCK@39..67
              PROPERTIES@39..45
                ANCHOR_PROPERTY@39..45
                  AMPERSAND@39..40 "&"
                  ANCHOR_NAME@40..45 "node2"
              WHITESPACE@45..46 " "
              COMMENT@46..55 "# comment"
              WHITESPACE@55..58 "\n  "
              BLOCK_MAP@58..67
                BLOCK_MAP_ENTRY@58..67
                  BLOCK_MAP_KEY@58..62
                    FLOW@58..62
                      PLAIN_SCALAR@58..62 "key2"
                  COLON@62..63 ":"
                  WHITESPACE@63..64 " "
                  BLOCK_MAP_VALUE@64..67
                    FLOW@64..67
                      PLAIN_SCALAR@64..67 "two"
        WHITESPACE@67..68 "\n"
        BLOCK_MAP_ENTRY@68..91
          BLOCK_MAP_KEY@68..72
            FLOW@68..72
              PLAIN_SCALAR@68..72 "top3"
          COLON@72..73 ":"
          WHITESPACE@73..76 "\n  "
          BLOCK_MAP_VALUE@76..91
            BLOCK@76..91
              BLOCK_MAP@76..91
                BLOCK_MAP_ENTRY@76..91
                  BLOCK_MAP_KEY@76..84
                    FLOW@76..84
                      PROPERTIES@76..79
                        ANCHOR_PROPERTY@76..79
                          AMPERSAND@76..77 "&"
                          ANCHOR_NAME@77..79 "k3"
                      WHITESPACE@79..80 " "
                      PLAIN_SCALAR@80..84 "key3"
                  COLON@84..85 ":"
                  WHITESPACE@85..86 " "
                  BLOCK_MAP_VALUE@86..91
                    FLOW@86..91
                      PLAIN_SCALAR@86..91 "three"
        WHITESPACE@91..92 "\n"
        BLOCK_MAP_ENTRY@92..121
          BLOCK_MAP_KEY@92..96
            FLOW@92..96
              PLAIN_SCALAR@92..96 "top4"
          COLON@96..97 ":"
          WHITESPACE@97..98 " "
          BLOCK_MAP_VALUE@98..121
            BLOCK@98..121
              PROPERTIES@98..104
                ANCHOR_PROPERTY@98..104
                  AMPERSAND@98..99 "&"
                  ANCHOR_NAME@99..104 "node4"
              WHITESPACE@104..107 "\n  "
              BLOCK_MAP@107..121
                BLOCK_MAP_ENTRY@107..121
                  BLOCK_MAP_KEY@107..115
                    FLOW@107..115
                      PROPERTIES@107..110
                        ANCHOR_PROPERTY@107..110
                          AMPERSAND@107..108 "&"
                          ANCHOR_NAME@108..110 "k4"
                      WHITESPACE@110..111 " "
                      PLAIN_SCALAR@111..115 "key4"
                  COLON@115..116 ":"
                  WHITESPACE@116..117 " "
                  BLOCK_MAP_VALUE@117..121
                    FLOW@117..121
                      PLAIN_SCALAR@117..121 "four"
        WHITESPACE@121..122 "\n"
        BLOCK_MAP_ENTRY@122..147
          BLOCK_MAP_KEY@122..126
            FLOW@122..126
              PLAIN_SCALAR@122..126 "top5"
          COLON@126..127 ":"
          WHITESPACE@127..128 " "
          BLOCK_MAP_VALUE@128..147
            BLOCK@128..147
              PROPERTIES@128..134
                ANCHOR_PROPERTY@128..134
                  AMPERSAND@128..129 "&"
                  ANCHOR_NAME@129..134 "node5"
              WHITESPACE@134..137 "\n  "
              BLOCK_MAP@137..147
                BLOCK_MAP_ENTRY@137..147
                  BLOCK_MAP_KEY@137..141
                    FLOW@137..141
                      PLAIN_SCALAR@137..141 "key5"
                  COLON@141..142 ":"
                  WHITESPACE@142..143 " "
                  BLOCK_MAP_VALUE@143..147
                    FLOW@143..147
                      PLAIN_SCALAR@143..147 "five"
        WHITESPACE@147..148 "\n"
        BLOCK_MAP_ENTRY@148..165
          BLOCK_MAP_KEY@148..152
            FLOW@148..152
              PLAIN_SCALAR@148..152 "top6"
          COLON@152..153 ":"
          WHITESPACE@153..154 " "
          BLOCK_MAP_VALUE@154..165
            FLOW@154..165
              PROPERTIES@154..159
                ANCHOR_PROPERTY@154..159
                  AMPERSAND@154..155 "&"
                  ANCHOR_NAME@155..159 "val6"
              WHITESPACE@159..162 "\n  "
              PLAIN_SCALAR@162..165 "six"
        WHITESPACE@165..166 "\n"
        BLOCK_MAP_ENTRY@166..185
          BLOCK_MAP_KEY@166..170
            FLOW@166..170
              PLAIN_SCALAR@166..170 "top7"
          COLON@170..171 ":"
          WHITESPACE@171..174 "\n  "
          BLOCK_MAP_VALUE@174..185
            FLOW@174..185
              PROPERTIES@174..179
                ANCHOR_PROPERTY@174..179
                  AMPERSAND@174..175 "&"
                  ANCHOR_NAME@175..179 "val7"
              WHITESPACE@179..180 " "
              PLAIN_SCALAR@180..185 "seven"
  WHITESPACE@185..186 "\n"
