---
source: yaml_parser/tests/pass.rs
---
ROOT@0..8
  DOCUMENT@0..7
    BLOCK@0..7
      BLOCK_SEQ@0..7
        BLOCK_SEQ_ENTRY@0..7
          MINUS@0..1 "-"
          WHITESPACE@1..2 " "
          BLOCK_MAP@2..7
            BLOCK_MAP_ENTRY@2..7
              BLOCK_MAP_KEY@2..7
                QUESTION_MARK@2..3 "?"
                WHITESPACE@3..4 " "
                BLOCK@4..7
                  BLOCK_MAP@4..7
                    BLOCK_MAP_ENTRY@4..7
                      COLON@4..5 ":"
                      WHITESPACE@5..6 " "
                      BLOCK_MAP_VALUE@6..7
                        FLOW@6..7
                          PLAIN_SCALAR@6..7 "x"
  WHITESPACE@7..8 "\n"
