---
source: yaml_parser/tests/pass.rs
---
ROOT@0..47
  DOCUMENT@0..34
    DIRECTIVES_END@0..3 "---"
    WHITESPACE@3..4 " "
    BLOCK@4..34
      BLOCK_SCALAR@4..34
        BAR@4..5 "|"
        BLOCK_SCALAR_TEXT@5..34 "\n \n  \n  literal\n   \n  ..."
  WHITESPACE@34..37 "\n\n "
  COMMENT@37..46 "# Comment"
  WHITESPACE@46..47 "\n"
