---
source: yaml_parser/tests/pass.rs
---
ROOT@0..32
  DOCUMENT@0..31
    BLOCK@0..31
      BLOCK_SEQ@0..31
        BLOCK_SEQ_ENTRY@0..15
          MINUS@0..1 "-"
          WHITESPACE@1..2 " "
          FLOW@2..15
            FLOW_SEQ@2..15
              L_BRACKET@2..3 "["
              WHITESPACE@3..4 " "
              FLOW_SEQ_ENTRIES@4..14
                FLOW_SEQ_ENTRY@4..7
                  FLOW@4..7
                    PLAIN_SCALAR@4..7 "one"
                COMMA@7..8 ","
                WHITESPACE@8..9 " "
                FLOW_SEQ_ENTRY@9..12
                  FLOW@9..12
                    PLAIN_SCALAR@9..12 "two"
                COMMA@12..13 ","
                WHITESPACE@13..14 " "
              R_BRACKET@14..15 "]"
        WHITESPACE@15..16 "\n"
        BLOCK_SEQ_ENTRY@16..31
          MINUS@16..17 "-"
          WHITESPACE@17..18 " "
          FLOW@18..31
            FLOW_SEQ@18..31
              L_BRACKET@18..19 "["
              FLOW_SEQ_ENTRIES@19..30
                FLOW_SEQ_ENTRY@19..24
                  FLOW@19..24
                    PLAIN_SCALAR@19..24 "three"
                WHITESPACE@24..25 " "
                COMMA@25..26 ","
                FLOW_SEQ_ENTRY@26..30
                  FLOW@26..30
                    PLAIN_SCALAR@26..30 "four"
              R_BRACKET@30..31 "]"
  WHITESPACE@31..32 "\n"
