---
source: yaml_parser/tests/pass.rs
---
ROOT@0..36
  DOCUMENT@0..35
    DIRECTIVES_END@0..3 "---"
    WHITESPACE@3..4 " "
    BLOCK@4..35
      BLOCK_SCALAR@4..35
        GREATER_THAN@4..5 ">"
        CHOMPING_INDICATOR@5..6
          MINUS@5..6 "-"
        BLOCK_SCALAR_TEXT@6..35 "\n  trimmed\n  \n \n\n  as ..."
  WHITESPACE@35..36 "\n"
