---
source: yaml_parser/tests/pass.rs
---
ROOT@0..54
  DOCUMENT@0..53
    DIRECTIVE@0..34
      PERCENT@0..1 "%"
      TAG_DIRECTIVE@1..34
        DIRECTIVE_NAME@1..4 "TAG"
        WHITESPACE@4..5 " "
        TAG_HANDLE@5..8
          TAG_HANDLE_NAMED@5..8 "!e!"
        WHITESPACE@8..9 " "
        TAG_PREFIX@9..34 "tag:example.com,2000: ..."
    WHITESPACE@34..35 "\n"
    DIRECTIVES_END@35..38 "---"
    WHITESPACE@38..39 "\n"
    BLOCK@39..53
      BLOCK_SEQ@39..53
        BLOCK_SEQ_ENTRY@39..53
          MINUS@39..40 "-"
          WHITESPACE@40..41 " "
          FLOW@41..53
            PROPERTIES@41..47
              TAG_PROPERTY@41..47
                SHORTHAND_TAG@41..47
                  TAG_HANDLE@41..44
                    TAG_HANDLE_NAMED@41..44 "!e!"
                  TAG_CHAR@44..47 "foo"
            WHITESPACE@47..48 " "
            DOUBLE_QUOTED_SCALAR@48..53 "\"bar\""
  WHITESPACE@53..54 "\n"
