---
source: yaml_parser/tests/pass.rs
---
ROOT@0..115
  DOCUMENT@0..114
    DIRECTIVES_END@0..3 "---"
    WHITESPACE@3..4 "\n"
    BLOCK@4..114
      BLOCK_MAP@4..114
        BLOCK_MAP_ENTRY@4..57
          BLOCK_MAP_KEY@4..6
            FLOW@4..6
              PLAIN_SCALAR@4..6 "hr"
          COLON@6..7 ":"
          WHITESPACE@7..8 " "
          COMMENT@8..25 "# 1998 hr ranking"
          WHITESPACE@25..28 "\n  "
          BLOCK_MAP_VALUE@28..57
            BLOCK@28..57
              BLOCK_SEQ@28..57
                BLOCK_SEQ_ENTRY@28..42
                  MINUS@28..29 "-"
                  WHITESPACE@29..30 " "
                  FLOW@30..42
                    PLAIN_SCALAR@30..42 "Mark McGwire"
                WHITESPACE@42..45 "\n  "
                BLOCK_SEQ_ENTRY@45..57
                  MINUS@45..46 "-"
                  WHITESPACE@46..47 " "
                  FLOW@47..57
                    PLAIN_SCALAR@47..57 "Sammy Sosa"
        WHITESPACE@57..58 "\n"
        BLOCK_MAP_ENTRY@58..114
          BLOCK_MAP_KEY@58..61
            FLOW@58..61
              PLAIN_SCALAR@58..61 "rbi"
          COLON@61..62 ":"
          WHITESPACE@62..65 "\n  "
          COMMENT@65..83 "# 1998 rbi ranking"
          WHITESPACE@83..86 "\n  "
          BLOCK_MAP_VALUE@86..114
            BLOCK@86..114
              BLOCK_SEQ@86..114
                BLOCK_SEQ_ENTRY@86..98
                  MINUS@86..87 "-"
                  WHITESPACE@87..88 " "
                  FLOW@88..98
                    PLAIN_SCALAR@88..98 "Sammy Sosa"
                WHITESPACE@98..101 "\n  "
                BLOCK_SEQ_ENTRY@101..114
                  MINUS@101..102 "-"
                  WHITESPACE@102..103 " "
                  FLOW@103..114
                    PLAIN_SCALAR@103..114 "Ken Griffey"
  WHITESPACE@114..115 "\n"
