---
source: yaml_parser/tests/pass.rs
---
ROOT@0..43
  DOCUMENT@0..26
    DIRECTIVES_END@0..3 "---"
    WHITESPACE@3..4 "\n"
    FLOW@4..22
      FLOW_MAP@4..22
        L_BRACE@4..5 "{"
        WHITESPACE@5..6 " "
        FLOW_MAP_ENTRIES@6..20
          FLOW_MAP_ENTRY@6..20
            FLOW_MAP_KEY@6..15
              FLOW@6..15
                PLAIN_SCALAR@6..15 "matches\n%"
            WHITESPACE@15..16 " "
            COLON@16..17 ":"
            WHITESPACE@17..18 " "
            FLOW_MAP_VALUE@18..20
              FLOW@18..20
                PLAIN_SCALAR@18..20 "20"
        WHITESPACE@20..21 " "
        R_BRACE@21..22 "}"
    WHITESPACE@22..23 "\n"
    DOCUMENT_END@23..26 "..."
  WHITESPACE@26..27 "\n"
  DOCUMENT@27..42
    DIRECTIVES_END@27..30 "---"
    WHITESPACE@30..31 "\n"
    COMMENT@31..38 "# Empty"
    WHITESPACE@38..39 "\n"
    DOCUMENT_END@39..42 "..."
  WHITESPACE@42..43 "\n"
