---
source: yaml_parser/tests/pass.rs
---
ROOT@0..25
  DOCUMENT@0..24
    BLOCK@0..24
      BLOCK_MAP@0..24
        BLOCK_MAP_ENTRY@0..24
          BLOCK_MAP_KEY@0..3
            FLOW@0..3
              PLAIN_SCALAR@0..3 "foo"
          COLON@3..4 ":"
          WHITESPACE@4..5 " "
          BLOCK_MAP_VALUE@5..24
            FLOW@5..24
              DOUBLE_QUOTED_SCALAR@5..24 "\"bar\n \t \t baz \t \t \""
  WHITESPACE@24..25 "\n"
