---
source: yaml_parser/tests/pass.rs
---
ROOT@0..16
  DOCUMENT@0..15
    DIRECTIVE@0..9
      PERCENT@0..1 "%"
      YAML_DIRECTIVE@1..9
        DIRECTIVE_NAME@1..5 "YAML"
        WHITESPACE@5..6 " "
        YAML_VERSION@6..9 "1.2"
    WHITESPACE@9..12 "\n\t\n"
    DIRECTIVES_END@12..15 "---"
  WHITESPACE@15..16 "\n"
