---
source: yaml_parser/tests/pass.rs
---
ROOT@0..18
  DOCUMENT@0..17
    BLOCK@0..17
      BLOCK_MAP@0..17
        BLOCK_MAP_ENTRY@0..17
          BLOCK_MAP_KEY@0..3
            FLOW@0..3
              PLAIN_SCALAR@0..3 "foo"
          COLON@3..4 ":"
          WHITESPACE@4..5 " "
          BLOCK_MAP_VALUE@5..17
            FLOW@5..17
              DOUBLE_QUOTED_SCALAR@5..17 "\"bar\n  \tbaz\""
  WHITESPACE@17..18 "\n"
