---
source: yaml_parser/tests/pass.rs
---
ROOT@0..38
  DOCUMENT@0..7
    DIRECTIVES_END@0..3 "---"
    WHITESPACE@3..4 " "
    FLOW@4..7
      PLAIN_SCALAR@4..7 "foo"
  WHITESPACE@7..9 "  "
  COMMENT@9..18 "# comment"
  WHITESPACE@18..19 "\n"
  DOCUMENT@19..26
    DIRECTIVES_END@19..22 "---"
    WHITESPACE@22..23 " "
    FLOW@23..26
      PLAIN_SCALAR@23..26 "foo"
  WHITESPACE@26..28 "  "
  COMMENT@28..37 "# comment"
  WHITESPACE@37..38 "\n"
