---
source: yaml_parser/tests/pass.rs
---
ROOT@0..57
  DOCUMENT@0..56
    FLOW@0..56
      PROPERTIES@0..8
        ANCHOR_PROPERTY@0..8
          AMPERSAND@0..1 "&"
          ANCHOR_NAME@1..8 "flowseq"
      WHITESPACE@8..9 " "
      FLOW_SEQ@9..56
        L_BRACKET@9..10 "["
        WHITESPACE@10..12 "\n "
        FLOW_SEQ_ENTRIES@12..54
          FLOW_SEQ_ENTRY@12..16
            FLOW_PAIR@12..16
              FLOW_MAP_KEY@12..13
                FLOW@12..13
                  PLAIN_SCALAR@12..13 "a"
              COLON@13..14 ":"
              WHITESPACE@14..15 " "
              FLOW_MAP_VALUE@15..16
                FLOW@15..16
                  PLAIN_SCALAR@15..16 "b"
          COMMA@16..17 ","
          WHITESPACE@17..19 "\n "
          FLOW_SEQ_ENTRY@19..26
            FLOW_PAIR@19..26
              FLOW_MAP_KEY@19..23
                FLOW@19..23
                  PROPERTIES@19..21
                    ANCHOR_PROPERTY@19..21
                      AMPERSAND@19..20 "&"
                      ANCHOR_NAME@20..21 "c"
                  WHITESPACE@21..22 " "
                  PLAIN_SCALAR@22..23 "c"
              COLON@23..24 ":"
              WHITESPACE@24..25 " "
              FLOW_MAP_VALUE@25..26
                FLOW@25..26
                  PLAIN_SCALAR@25..26 "d"
          COMMA@26..27 ","
          WHITESPACE@27..29 "\n "
          FLOW_SEQ_ENTRY@29..40
            FLOW@29..40
              FLOW_MAP@29..40
                L_BRACE@29..30 "{"
                WHITESPACE@30..31 " "
                FLOW_MAP_ENTRIES@31..39
                  FLOW_MAP_ENTRY@31..38
                    FLOW_MAP_KEY@31..35
                      FLOW@31..35
                        PROPERTIES@31..33
                          ANCHOR_PROPERTY@31..33
                            AMPERSAND@31..32 "&"
                            ANCHOR_NAME@32..33 "e"
                        WHITESPACE@33..34 " "
                        PLAIN_SCALAR@34..35 "e"
                    COLON@35..36 ":"
                    WHITESPACE@36..37 " "
                    FLOW_MAP_VALUE@37..38
                      FLOW@37..38
                        PLAIN_SCALAR@37..38 "f"
                  WHITESPACE@38..39 " "
                R_BRACE@39..40 "}"
          COMMA@40..41 ","
          WHITESPACE@41..43 "\n "
          FLOW_SEQ_ENTRY@43..54
            FLOW@43..54
              PROPERTIES@43..45
                ANCHOR_PROPERTY@43..45
                  AMPERSAND@43..44 "&"
                  ANCHOR_NAME@44..45 "g"
              WHITESPACE@45..46 " "
              FLOW_MAP@46..54
                L_BRACE@46..47 "{"
                WHITESPACE@47..48 " "
                FLOW_MAP_ENTRIES@48..53
                  FLOW_MAP_ENTRY@48..52
                    FLOW_MAP_KEY@48..49
                      FLOW@48..49
                        PLAIN_SCALAR@48..49 "g"
                    COLON@49..50 ":"
                    WHITESPACE@50..51 " "
                    FLOW_MAP_VALUE@51..52
                      FLOW@51..52
                        PLAIN_SCALAR@51..52 "h"
                  WHITESPACE@52..53 " "
                R_BRACE@53..54 "}"
        WHITESPACE@54..55 "\n"
        R_BRACKET@55..56 "]"
  WHITESPACE@56..57 "\n"
